// Jest Snapshot v1, https://goo.gl/fbAQLP

exports[`<FuelSavingsPage /> should match snapshot 1`] = `
Array [
  <button
    className="MuiButtonBase-root MuiButton-root MuiButton-outlined MuiButton-outlinedPrimary"
    disabled={false}
    onBlur={[Function]}
    onClick={[Function]}
    onDragLeave={[Function]}
    onFocus={[Function]}
    onKeyDown={[Function]}
    onKeyUp={[Function]}
    onMouseDown={[Function]}
    onMouseLeave={[Function]}
    onMouseUp={[Function]}
    onTouchEnd={[Function]}
    onTouchMove={[Function]}
    onTouchStart={[Function]}
    tabIndex={0}
    type="button"
  >
    <span
      className="MuiButton-label"
    >
      Primary
    </span>
  </button>,
  <div>
    <h2>
      Fuel Savings Analysis
    </h2>
    <table>
      <tbody>
        <tr>
          <td>
            <label
              htmlFor="milesDriven"
            >
              Miles Driven
            </label>
          </td>
        </tr>
        <tr>
          <td>
            <label>
              Date Modified
            </label>
          </td>
          <td />
        </tr>
      </tbody>
    </table>
    <hr />
    <input
      onClick={[Function]}
      type="submit"
      value="Save"
    />
  </div>,
]
`;
